// Jest Snapshot v1, https://goo.gl/fbAQLP

exports[`utils add source common properties 1`] = `
AirbyteSpec {
  "spec": Object {
    "connectionSpecification": Object {
      "properties": Object {
        "backfill": Object {
          "default": false,
          "description": "Backfill data from the start date to the end date (won't update the current stream state).",
          "order": 998,
          "title": "Backfill",
          "type": "boolean",
        },
        "compress_state": Object {
          "default": false,
          "description": "Compress the state using base64/gzip encoding.",
          "order": 999,
          "title": "Compress State",
          "type": "boolean",
        },
        "debug": Object {
          "default": false,
          "description": "Enable debug mode",
          "order": 1002,
          "title": "Debug",
          "type": "boolean",
        },
        "max_slice_failures": Object {
          "default": 0,
          "description": "The maximum number of slice failures before a stream sync fails. Use -1 for unlimited",
          "order": 1001,
          "title": "Max Slice Failures",
          "type": "integer",
        },
        "max_stream_failures": Object {
          "default": 0,
          "description": "The maximum number of stream failures before the sync fails. Use -1 for unlimited",
          "order": 1000,
          "title": "Max Stream Failures",
          "type": "integer",
        },
        "prop1": Object {
          "type": "string",
        },
      },
    },
  },
  "type": "SPEC",
}
`;
